// Jest Snapshot v1, https://goo.gl/fbAQLP

exports[`Footer renders correctly 1`] = `
<div>
  <h1
    siteTitle="Footer"
  >
    Footer
  </h1>
</div>
`;
